docs/features/FEAT-152-desktop-permission-modes/evidence/stage4/final/ask-completed-ax.txt:236: trailing whitespace.
+													212 text    0     0    0     0    0     0      0      0 --:--:--  0:00:01 --:--:--     0   0     0    0     0    0     0      0      0 --:--:--  0:00:01 --:--:--     0   0     0    0     0    0     0      0      0 --:--:--  0:00:02 --:--HTTP/2 200
docs/features/FEAT-152-desktop-permission-modes/evidence/stage4/final/ask-completed-ax.txt:237: trailing whitespace.
+date: Mon, 07 Sep 2026 07:23:50 GMT
docs/features/FEAT-152-desktop-permission-modes/evidence/stage4/final/ask-completed-ax.txt:238: trailing whitespace.
+content-type: text/html
docs/features/FEAT-152-desktop-permission-modes/evidence/stage4/final/ask-completed-ax.txt:239: trailing whitespace.
+server: cloudflare
docs/features/FEAT-152-desktop-permission-modes/evidence/stage4/final/ask-completed-ax.txt:240: trailing whitespace.
+last-modified: Wed, 02 Sep 2026 22:14:26 GMT
docs/features/FEAT-152-desktop-permission-modes/evidence/stage4/final/ask-completed-ax.txt:241: trailing whitespace.
+allow: GET, HEAD
docs/features/FEAT-152-desktop-permission-modes/evidence/stage4/final/ask-completed-ax.txt:242: trailing whitespace.
+accept-ranges: bytes
docs/features/FEAT-152-desktop-permission-modes/evidence/stage4/final/ask-completed-ax.txt:243: trailing whitespace.
+age: 8
docs/features/FEAT-152-desktop-permission-modes/evidence/stage4/final/ask-completed-ax.txt:244: trailing whitespace.
+cf-cache-status: HIT
docs/features/FEAT-152-desktop-permission-modes/evidence/stage4/final/ask-completed-ax.txt:245: trailing whitespace.
+cf-ray: a373f86b6e1ecb86-LAX
docs/features/FEAT-152-desktop-permission-modes/evidence/stage4/final/ask-completed-ax.txt:246: trailing whitespace.
+
docs/features/FEAT-152-desktop-permission-modes/evidence/stage4/final/ask-completed-ax.txt:300: trailing whitespace.
+														255 text 沙箱模式：默认（未传
docs/features/FEAT-152-desktop-permission-modes/evidence/stage4/final/verification-at35.md:26: new blank line at EOF.
