$ vue-tsc --noEmit && vite build
vite v8.1.3 building client environment for production...
[2Ktransforming...✓ 5424 modules transformed.
rendering chunks...
computing gzip size...
dist/index.html                                      0.40 kB │ gzip:   0.28 kB
dist/assets/YjIcon-BmPrxpO0.css                      0.51 kB │ gzip:   0.19 kB
dist/assets/scheduled-draft-intent-DFjUfWWw.css      0.59 kB │ gzip:   0.29 kB
dist/assets/YjLogo-V2YNPyyf.css                      0.94 kB │ gzip:   0.30 kB
dist/assets/YjPageHeader-Oa8ut3wJ.css                1.05 kB │ gzip:   0.37 kB
dist/assets/AccessDeniedPage-C549waJM.css            1.05 kB │ gzip:   0.39 kB
dist/assets/YjSection-2YLYYIYQ.css                   1.14 kB │ gzip:   0.39 kB
dist/assets/YjEmpty-gVjCw_m1.css                     1.16 kB │ gzip:   0.40 kB
dist/assets/YjTabs-BODlTSLB.css                      1.43 kB │ gzip:   0.37 kB
dist/assets/workflow-showcase-DPzBrt9i.css           1.75 kB │ gzip:   0.46 kB
dist/assets/component-colors-BhkuEDh2.css            2.02 kB │ gzip:   0.60 kB
dist/assets/main-DY-H5o4H.css                        2.19 kB │ gzip:   0.68 kB
dist/assets/ScheduledTasksPage-DHsPmZvX.css          3.09 kB │ gzip:   0.86 kB
dist/assets/YjChartCard-CAEZYe0m.css                 3.73 kB │ gzip:   0.90 kB
dist/assets/SettingsPage-BcjdlT4n.css                4.90 kB │ gzip:   0.95 kB
dist/assets/SkillMarketplacePage-Dh-mR3_0.css        5.81 kB │ gzip:   1.19 kB
dist/assets/StorePage-C6wuF2tZ.css                   6.08 kB │ gzip:   1.00 kB
dist/assets/WorkflowEditorPage-CIeNPSzu.css          6.18 kB │ gzip:   1.28 kB
dist/assets/WorkflowPage-De9KkzdD.css               12.75 kB │ gzip:   2.16 kB
dist/assets/App-CkRfuVMv.css                        17.45 kB │ gzip:   3.59 kB
dist/assets/ChatPage-Beu7g7W-.css                   85.28 kB │ gzip:   9.92 kB
dist/assets/_plugin-vue_export-helper-BDNMzG2s.js    0.08 kB │ gzip:   0.09 kB
dist/assets/context-BzMcPb_0.js                      0.10 kB │ gzip:   0.10 kB
dist/assets/use-compitable-q6Tf196v.js               0.16 kB │ gzip:   0.15 kB
dist/assets/_common-CYOSE4Ev.js                      0.77 kB │ gzip:   0.39 kB
dist/assets/AccessDeniedPage-Cm1LS0mX.js             0.80 kB │ gzip:   0.58 kB
dist/assets/YjEmpty-CpWH8Om-.js                      0.84 kB │ gzip:   0.50 kB
dist/assets/YjPageHeader-DZcvQJTu.js                 1.06 kB │ gzip:   0.55 kB
dist/assets/YjSection-BELIGqA7.js                    1.24 kB │ gzip:   0.65 kB
dist/assets/use-keyboard-y7U33ITs.js                 1.26 kB │ gzip:   0.54 kB
dist/assets/YjTabs-CSjVBF1j.js                       1.46 kB │ gzip:   0.81 kB
dist/assets/light-CICzHPPi.js                        1.73 kB │ gzip:   0.62 kB
dist/assets/light-BrO9089N.js                        2.90 kB │ gzip:   0.89 kB
dist/assets/event-juxhAkx5.js                        3.04 kB │ gzip:   1.20 kB
dist/assets/YjLogo-xtye0sso.js                       3.80 kB │ gzip:   1.45 kB
dist/assets/index-Q85Yr4NK.js                        4.86 kB │ gzip:   2.27 kB
dist/assets/router-_6ArVApP.js                       6.34 kB │ gzip:   2.34 kB
dist/assets/pinia-CywJvUAb.js                        7.49 kB │ gzip:   3.31 kB
dist/assets/Switch-BcQsinuu.js                      11.92 kB │ gzip:   4.00 kB
dist/assets/SettingsPage-n4zGnZDq.js                11.96 kB │ gzip:   4.57 kB
dist/assets/Alert-BzesTecP.js                       16.53 kB │ gzip:   4.65 kB
dist/assets/Dropdown-CkrjX6mg.js                    20.69 kB │ gzip:   6.45 kB
dist/assets/WorkflowEditorPage-sUnLUIsw.js          22.48 kB │ gzip:   8.22 kB
dist/assets/StorePage-CKrBi3Vc.js                   24.17 kB │ gzip:   7.75 kB
dist/assets/WorkflowPage-Byit3i2B.js                24.51 kB │ gzip:   8.25 kB
dist/assets/YjIcon-DFnZSHce.js                      26.41 kB │ gzip:   9.28 kB
dist/assets/SkillMarketplacePage-As2DUgEE.js        28.46 kB │ gzip:   9.97 kB
dist/assets/permission.store-BAunN90J.js            33.69 kB │ gzip:  12.73 kB
dist/assets/Popover-Bt-HD7e7.js                     36.46 kB │ gzip:  11.78 kB
dist/assets/Input-Cit2ZFlF.js                       50.80 kB │ gzip:  15.83 kB
dist/assets/Modal-DO-yhNey.js                       57.37 kB │ gzip:  16.82 kB
dist/assets/Card-D5VEyXXl.js                        74.76 kB │ gzip:  24.46 kB
dist/assets/vue.runtime.esm-bundler-B-tr_3O5.js    111.08 kB │ gzip:  42.60 kB
dist/assets/scheduled-draft-intent-C2rqkW8_.js     115.54 kB │ gzip:  35.64 kB
dist/assets/App-KgiDSp8y.js                        118.31 kB │ gzip:  30.89 kB
dist/assets/ScheduledTasksPage-BZUxbvBn.js         203.81 kB │ gzip:  50.97 kB
dist/assets/ChatPage-KsOX7iQj.js                   219.46 kB │ gzip:  61.16 kB
dist/assets/workflow-showcase-B-yeP8Zt.js          332.63 kB │ gzip:  26.98 kB
dist/assets/YjChartCard-Z8QoIGtE.js                543.38 kB │ gzip: 185.55 kB
dist/assets/chat.store-BAEyRlba.js                 943.41 kB │ gzip:  97.97 kB

✓ built in 712ms
[plugin builtin:vite-reporter] 
(!) Some chunks are larger than 500 kB after minification. Consider:
- Using dynamic import() to code-split the application
- Use build.rolldownOptions.output.codeSplitting to improve chunking: https://rolldown.rs/reference/OutputOptions.codeSplitting
- Adjust chunk size limit for this warning via build.chunkSizeWarningLimit.
