schema=26; open_mode=read_only; scope=isolated_scheduled_candidate
chat_scheduled_plans=12
chat_scheduled_requests=23
chat_scheduled_grants=19
chat_scheduled_runs=16
chat_outbox=32
chat_turns=21
chat_sessions=11
chat_scheduled_draft_sources=5
native_binding={"run_id":"01a0cd55-08da-7942-b047-e2f1ed71ef53","plan_id":"01a0cd54-d642-7663-bcae-db3e07f9ff66","conversation_id":"01a0cd55-08db-7130-9b24-1807862efbdd","local_turn_id":"01a0cd55-08db-7130-9b24-1822b318a535","agent_session_id":"87701d71-d37c-41c0-98c5-e4a248e00cee","thread_id":"01a0cd55-091b-7a52-b081-7b5b1c53fd62","turn_id":"01a0cd55-0967-7460-8475-6e4a857383bf"}
native_binding={"run_id":"01a0cd75-947d-7842-b424-1ac09d3f38d0","plan_id":"01a0cd54-d642-7663-bcae-db3e07f9ff66","conversation_id":"01a0cd55-08db-7130-9b24-1807862efbdd","local_turn_id":"01a0cd75-947d-7842-b424-1ae58ca0084d","agent_session_id":"87701d71-d37c-41c0-98c5-e4a248e00cee","thread_id":"01a0cd55-091b-7a52-b081-7b5b1c53fd62","turn_id":"01a0cd75-94a9-7932-8b02-1f3f57a636f4"}
run=01a0c997-70e8-7f33-82f8-7d3625215a96;plan=01a0c996-3133-7392-b755-06503033d4f0;trigger=manual;delivery=terminal;outcome=failed;grant=01a0c997-70da-70f0-9d3b-99f4199709f4;op=01a0c997-70e8-7f33-82f8-7d4d684a63e4;original=none;snapshot=ae5a205134c8e94697b3ccbcedf8a9b2da102a00804afe574af52f450ee64bad
run=01a0c99a-8768-71d3-b3a8-8a1c95170008;plan=01a0c996-3133-7392-b755-06503033d4f0;trigger=manual;delivery=terminal;outcome=completed;grant=01a0c99a-875f-7c81-ab5f-1f70f33b3d98;op=01a0c99a-8768-71d3-b3a8-8a24dd898c57;original=none;snapshot=c8521c77dc58217eb7cce8dde87d858e7dec3139c970930665617d1bd9ef80f8
run=01a0c99c-fd1a-7ce3-b28c-671a51de6fd6;plan=01a0c99c-6e93-7f32-897d-a8e5966a2e08;trigger=manual;delivery=terminal;outcome=completed;grant=01a0c99c-fd0d-7432-827f-d3964762929e;op=01a0c99c-fd1a-7ce3-b28c-672df55e7e31;original=none;snapshot=a9247013a00ca03d0864cd7ff2cec3c57e7278580ce8933e6859a66516bba041
run=01a0c9ab-791b-7e32-83b4-643a65a27b6e;plan=01a0c9ab-46d9-7d50-8287-fa8dbdbaadf5;trigger=manual;delivery=terminal;outcome=completed;grant=01a0c9ab-7912-7252-bb36-5337584a2bbf;op=01a0c9ab-791b-7e32-83b4-6440e366b419;original=none;snapshot=f6b3784a85d5e0ed9cd05a206609a41e1d239fd03d15290180f9942d414fe561
run=01a0c9ff-ce44-7830-9a76-c7534bd41bb1;plan=01a0c9fc-2ff8-72b2-a0df-8b6f86f78aa6;trigger=automatic;delivery=terminal;outcome=completed;grant=01a0c9fd-2f82-7462-936a-4a843db1b393;op=01a0c9ff-ce44-7830-9a76-c76f679ca9bf;original=none;snapshot=181e1042aa6345542cc840f3fb340adde3f33714aaf8695455b49e39a1bd1c6d
run=01a0ca0a-cad7-7153-b65d-12f205b48826;plan=01a0ca03-f2d1-7dd0-a2ea-7122e07552b1;trigger=automatic;delivery=terminal;outcome=completed;grant=01a0ca04-36b6-78c2-a9bb-fc0456fabdbb;op=01a0ca0a-cad7-7153-b65d-130a76985dba;original=none;snapshot=a61e326d30ec1820b2a979bcfce4888f6e4bf97ca1e16c92823283c0a2aab04e
run=01a0cc02-759d-7083-8471-6258d4369405;plan=01a0c9fc-2ff8-72b2-a0df-8b6f86f78aa6;trigger=manual;delivery=terminal;outcome=completed;grant=01a0cc02-758d-7c62-8c57-a97b66f9380e;op=01a0cc02-759d-7083-8471-626038b0deaa;original=none;snapshot=613e0d9d8bebcd43a11d07f1d3d218be17eedf795cdad2eddb9ad05e43f376c1
run=01a0cc03-4321-7df2-b061-3cec65589ae9;plan=01a0c9fc-2ff8-72b2-a0df-8b6f86f78aa6;trigger=rerun;delivery=terminal;outcome=completed;grant=01a0cc03-4315-78f2-84f0-07c0512f4864;op=01a0cc03-4321-7df2-b061-3cfbeaf5d2ef;original=01a0c9ff-ce44-7830-9a76-c7534bd41bb1;snapshot=613e0d9d8bebcd43a11d07f1d3d218be17eedf795cdad2eddb9ad05e43f376c1
run=01a0cc09-ad69-7aa3-a7aa-2013c3da4587;plan=01a0ca03-f2d1-7dd0-a2ea-7122e07552b1;trigger=rerun;delivery=terminal;outcome=completed;grant=01a0cc09-ad5e-7ff1-90a5-edfb3ebe0448;op=01a0cc09-ad69-7aa3-a7aa-2025741f24f3;original=01a0ca0a-cad7-7153-b65d-12f205b48826;snapshot=acaa3bf13ebe748de49fc9e65d7a7f4c83eff86e2ab53c1da36adceb79856faa
run=01a0cd55-08da-7942-b047-e2f1ed71ef53;plan=01a0cd54-d642-7663-bcae-db3e07f9ff66;trigger=manual;delivery=terminal;outcome=completed;grant=01a0cd55-08ce-7341-b015-237f7ef2b126;op=01a0cd55-08da-7942-b047-e304242f123c;original=none;snapshot=09ec127b9706c649aeba115637d11910d8ffef57a403c1453f788329fe9befea
run=01a0cd75-947d-7842-b424-1ac09d3f38d0;plan=01a0cd54-d642-7663-bcae-db3e07f9ff66;trigger=rerun;delivery=terminal;outcome=completed;grant=01a0cd75-9470-7bc0-91a2-fa21bc22e1f9;op=01a0cd75-947d-7842-b424-1ad643a5c586;original=01a0cd55-08da-7942-b047-e2f1ed71ef53;snapshot=09ec127b9706c649aeba115637d11910d8ffef57a403c1453f788329fe9befea
run=01a0cead-4901-7c83-bc52-c407e176906d;plan=01a0ceac-ad22-7f52-8701-aae56f029c36;trigger=manual;delivery=terminal;outcome=completed;grant=01a0cead-48f4-7dc3-a64d-1187722e5d34;op=01a0cead-4901-7c83-bc52-c416b212813e;original=none;snapshot=c2508037e1f396542cd842129b8fc4110b13499320fc71d52ddcc629bbb403ef
run=01a0ceb1-6476-7cd2-ae67-f9658b410bce;plan=01a0ceac-ad22-7f52-8701-aae56f029c36;trigger=rerun;delivery=terminal;outcome=completed;grant=01a0ceb1-646a-7b73-8ebb-246f601056ac;op=01a0ceb1-6476-7cd2-ae67-f97927902a27;original=01a0cead-4901-7c83-bc52-c407e176906d;snapshot=c2508037e1f396542cd842129b8fc4110b13499320fc71d52ddcc629bbb403ef
run=01a0cec0-8aa3-7f73-b13b-46b52b913f36;plan=01a0cebc-3fbf-7820-8a1a-c70390d0bde7;trigger=automatic;delivery=terminal;outcome=completed;grant=01a0cebc-dd14-7cb1-8b5e-dc5d13853df8;op=01a0cec0-8aa3-7f73-b13b-46cf271f73e6;original=none;snapshot=b89360049e8e1cd1782274e0aca0b9dfc95b862f2aed89b8ec981a6e3136bfc5
run=01a0cec2-3d78-74b1-b146-8829d7c37edc;plan=01a0cebe-0a9e-71a3-8917-4da6e95b8acb;trigger=manual;delivery=terminal;outcome=completed;grant=01a0cec2-3d6e-7152-97e8-ff8ddd89a43e;op=01a0cec2-3d78-74b1-b146-8833289c3b2e;original=none;snapshot=5ad5589660f083e29979c0356bf02d2961241862f8f090aed17f0ea63c4a2d79
run=01a0cec4-e3f7-7de1-92ac-bbf5ced96e0b;plan=01a0cebe-0a9e-71a3-8917-4da6e95b8acb;trigger=rerun;delivery=terminal;outcome=completed;grant=01a0cec4-e3ea-7591-b3e1-c1147ca2999b;op=01a0cec4-e3f7-7de1-92ac-bc06f5f02c91;original=01a0cec2-3d78-74b1-b146-8829d7c37edc;snapshot=5ad5589660f083e29979c0356bf02d2961241862f8f090aed17f0ea63c4a2d79
grant=01a0c997-70da-70f0-9d3b-99f4199709f4;max=1;occupied=1;expires=1790089140
grant=01a0c99a-875f-7c81-ab5f-1f70f33b3d98;max=1;occupied=1;expires=1790089342
grant=01a0c99c-fd0d-7432-827f-d3964762929e;max=1;occupied=1;expires=1790089503
grant=01a0c9ab-7912-7252-bb36-5337584a2bbf;max=1;occupied=1;expires=1790090453
grant=01a0c9fd-2f82-7462-936a-4a843db1b393;max=1;occupied=1;expires=1790095980
grant=01a0ca04-36b6-78c2-a9bb-fc0456fabdbb;max=1;occupied=1;expires=1790096700
grant=01a0cbf6-a6f7-7ac3-abc1-1c3cfc00db4e;max=1;occupied=0;expires=1790182380
grant=01a0cc02-758d-7c62-8c57-a97b66f9380e;max=1;occupied=1;expires=1790129708
grant=01a0cc03-4315-78f2-84f0-07c0512f4864;max=1;occupied=1;expires=1790129760
grant=01a0cc09-4014-7291-9384-db60f7216b34;max=1;occupied=0;expires=1790183100
grant=01a0cc09-ad5e-7ff1-90a5-edfb3ebe0448;max=1;occupied=1;expires=1790130181
grant=01a0cd55-08ce-7341-b015-237f7ef2b126;max=1;occupied=1;expires=1790151897
grant=01a0cd75-9470-7bc0-91a2-fa21bc22e1f9;max=1;occupied=1;expires=1790154030
grant=01a0cead-48f4-7dc3-a64d-1187722e5d34;max=1;occupied=1;expires=1790174458
grant=01a0ceb1-646a-7b73-8ebb-246f601056ac;max=1;occupied=1;expires=1790174727
grant=01a0cebc-8849-7c42-89d4-135fb4206230;max=1;occupied=0;expires=1790175720
grant=01a0cebc-dd14-7cb1-8b5e-dc5d13853df8;max=1;occupied=1;expires=1790175720
grant=01a0cec2-3d6e-7152-97e8-ff8ddd89a43e;max=1;occupied=1;expires=1790175831
grant=01a0cec4-e3ea-7591-b3e1-c1147ca2999b;max=1;occupied=1;expires=1790176005
binding=01a0c997-70e8-7f33-82f8-7d3625215a96;conversation=01a0c997-70e9-7262-b59d-ef51ea4438b2;turn=01a0c997-70e9-7262-b59d-ef7341e34819;create_op=01a0c997-70e9-7262-b59d-ef4502ed7eb3
binding=01a0c99a-8768-71d3-b3a8-8a1c95170008;conversation=01a0c997-70e9-7262-b59d-ef51ea4438b2;turn=01a0c99a-8768-71d3-b3a8-8a3e28dccc63;create_op=none
binding=01a0c99c-fd1a-7ce3-b28c-671a51de6fd6;conversation=01a0c997-70e9-7262-b59d-ef51ea4438b2;turn=01a0c99c-fd1b-7cc3-bac4-a2025557b289;create_op=none
binding=01a0c9ab-791b-7e32-83b4-643a65a27b6e;conversation=01a0c9ab-791b-7e32-83b4-646c71f034fa;turn=01a0c9ab-791b-7e32-83b4-648a09750ba8;create_op=01a0c9ab-791b-7e32-83b4-645952385938
binding=01a0c9ff-ce44-7830-9a76-c7534bd41bb1;conversation=01a0c9ff-ce45-7cf2-9f46-563e9ef1f9ee;turn=01a0c9ff-ce45-7cf2-9f46-565a202faef6;create_op=01a0c9ff-ce45-7cf2-9f46-5622730eb177
binding=01a0ca0a-cad7-7153-b65d-12f205b48826;conversation=01a0ca0a-cad8-72d3-8f56-378c55a5e680;turn=01a0ca0a-cad8-72d3-8f56-37a62a56d327;create_op=01a0ca0a-cad8-72d3-8f56-3770a3a4e58b
binding=01a0cc02-759d-7083-8471-6258d4369405;conversation=01a0c9ff-ce45-7cf2-9f46-563e9ef1f9ee;turn=01a0cc02-759e-7bd0-9c2c-c15d74ed4c67;create_op=none
binding=01a0cc03-4321-7df2-b061-3cec65589ae9;conversation=01a0c9ff-ce45-7cf2-9f46-563e9ef1f9ee;turn=01a0cc03-4321-7df2-b061-3d01b138504c;create_op=none
binding=01a0cc09-ad69-7aa3-a7aa-2013c3da4587;conversation=01a0cc09-ad6a-7041-bdf5-0e36b511c29c;turn=01a0cc09-ad6a-7041-bdf5-0e5611018757;create_op=01a0cc09-ad6a-7041-bdf5-0e2a8144d5d3
binding=01a0cd55-08da-7942-b047-e2f1ed71ef53;conversation=01a0cd55-08db-7130-9b24-1807862efbdd;turn=01a0cd55-08db-7130-9b24-1822b318a535;create_op=01a0cd55-08da-7942-b047-e31de3191216
binding=01a0cd75-947d-7842-b424-1ac09d3f38d0;conversation=01a0cd55-08db-7130-9b24-1807862efbdd;turn=01a0cd75-947d-7842-b424-1ae58ca0084d;create_op=none
binding=01a0cead-4901-7c83-bc52-c407e176906d;conversation=01a0cead-4902-74e2-b93c-21d89d59cdfa;turn=01a0cead-4902-74e2-b93c-21fec0094527;create_op=01a0cead-4901-7c83-bc52-c42605392858
binding=01a0ceb1-6476-7cd2-ae67-f9658b410bce;conversation=01a0cead-4902-74e2-b93c-21d89d59cdfa;turn=01a0ceb1-6476-7cd2-ae67-f98a232c8ec8;create_op=none
binding=01a0cec0-8aa3-7f73-b13b-46b52b913f36;conversation=01a0cec0-8aa3-7f73-b13b-46e5ffcee402;turn=01a0cec0-8aa3-7f73-b13b-470ed0fafaf6;create_op=01a0cec0-8aa3-7f73-b13b-46d91afa9189
binding=01a0cec2-3d78-74b1-b146-8829d7c37edc;conversation=01a0cec2-3d79-7870-bbd4-f8732ff7cdce;turn=01a0cec2-3d79-7870-bbd4-f896e1f5d5be;create_op=01a0cec2-3d79-7870-bbd4-f8684d87da84
binding=01a0cec4-e3f7-7de1-92ac-bbf5ced96e0b;conversation=01a0cec2-3d79-7870-bbd4-f8732ff7cdce;turn=01a0cec4-e3f7-7de1-92ac-bc19f8691c72;create_op=none
recovery=01a0c997-70e8-7f33-82f8-7d3625215a96;create_attempt=attempted;turn_attempt=attempted;release=native_terminal;refunded=0
recovery=01a0c99a-8768-71d3-b3a8-8a1c95170008;create_attempt=not_required;turn_attempt=attempted;release=native_terminal;refunded=0
recovery=01a0c99c-fd1a-7ce3-b28c-671a51de6fd6;create_attempt=not_required;turn_attempt=attempted;release=native_terminal;refunded=0
recovery=01a0c9ab-791b-7e32-83b4-643a65a27b6e;create_attempt=attempted;turn_attempt=attempted;release=native_terminal;refunded=0
recovery=01a0c9ff-ce44-7830-9a76-c7534bd41bb1;create_attempt=attempted;turn_attempt=attempted;release=native_terminal;refunded=0
recovery=01a0ca0a-cad7-7153-b65d-12f205b48826;create_attempt=attempted;turn_attempt=attempted;release=native_terminal;refunded=0
recovery=01a0cc02-759d-7083-8471-6258d4369405;create_attempt=not_required;turn_attempt=attempted;release=native_terminal;refunded=0
recovery=01a0cc03-4321-7df2-b061-3cec65589ae9;create_attempt=not_required;turn_attempt=attempted;release=native_terminal;refunded=0
recovery=01a0cc09-ad69-7aa3-a7aa-2013c3da4587;create_attempt=attempted;turn_attempt=attempted;release=native_terminal;refunded=0
recovery=01a0cd55-08da-7942-b047-e2f1ed71ef53;create_attempt=attempted;turn_attempt=attempted;release=native_terminal;refunded=0
recovery=01a0cd75-947d-7842-b424-1ac09d3f38d0;create_attempt=not_required;turn_attempt=attempted;release=native_terminal;refunded=0
recovery=01a0cead-4901-7c83-bc52-c407e176906d;create_attempt=attempted;turn_attempt=attempted;release=native_terminal;refunded=0
recovery=01a0ceb1-6476-7cd2-ae67-f9658b410bce;create_attempt=not_required;turn_attempt=attempted;release=native_terminal;refunded=0
recovery=01a0cec0-8aa3-7f73-b13b-46b52b913f36;create_attempt=attempted;turn_attempt=attempted;release=native_terminal;refunded=0
recovery=01a0cec2-3d78-74b1-b146-8829d7c37edc;create_attempt=attempted;turn_attempt=attempted;release=native_terminal;refunded=0
recovery=01a0cec4-e3f7-7de1-92ac-bbf5ced96e0b;create_attempt=not_required;turn_attempt=attempted;release=native_terminal;refunded=0
outbox=01a0c997-70e9-7262-b59d-ef4502ed7eb3;kind=create_session;state=done;attempts=1
outbox=01a0c997-70e8-7f33-82f8-7d4d684a63e4;kind=start_turn;state=done;attempts=1
outbox=01a0c99a-8768-71d3-b3a8-8a24dd898c57;kind=start_turn;state=done;attempts=1
outbox=01a0c99c-fd1a-7ce3-b28c-672df55e7e31;kind=start_turn;state=done;attempts=1
outbox=01a0c9ab-791b-7e32-83b4-645952385938;kind=create_session;state=done;attempts=1
outbox=01a0c9ab-791b-7e32-83b4-6440e366b419;kind=start_turn;state=done;attempts=1
outbox=01a0c9ff-ce45-7cf2-9f46-5622730eb177;kind=create_session;state=done;attempts=1
outbox=01a0c9ff-ce44-7830-9a76-c76f679ca9bf;kind=start_turn;state=done;attempts=1
outbox=01a0ca0a-cad8-72d3-8f56-3770a3a4e58b;kind=create_session;state=done;attempts=1
outbox=01a0ca0a-cad7-7153-b65d-130a76985dba;kind=start_turn;state=done;attempts=1
outbox=01a0cc02-759d-7083-8471-626038b0deaa;kind=start_turn;state=done;attempts=1
outbox=01a0cc03-4321-7df2-b061-3cfbeaf5d2ef;kind=start_turn;state=done;attempts=1
outbox=01a0cc09-ad6a-7041-bdf5-0e2a8144d5d3;kind=create_session;state=done;attempts=1
outbox=01a0cc09-ad69-7aa3-a7aa-2025741f24f3;kind=start_turn;state=done;attempts=1
outbox=01a0cd55-08da-7942-b047-e31de3191216;kind=create_session;state=done;attempts=1
outbox=01a0cd55-08da-7942-b047-e304242f123c;kind=start_turn;state=done;attempts=1
outbox=01a0cd75-947d-7842-b424-1ad643a5c586;kind=start_turn;state=done;attempts=1
outbox=01a0cead-4901-7c83-bc52-c42605392858;kind=create_session;state=done;attempts=1
outbox=01a0cead-4901-7c83-bc52-c416b212813e;kind=start_turn;state=done;attempts=1
outbox=01a0ceb1-6476-7cd2-ae67-f97927902a27;kind=start_turn;state=done;attempts=1
outbox=01a0cec0-8aa3-7f73-b13b-46d91afa9189;kind=create_session;state=done;attempts=1
outbox=01a0cec0-8aa3-7f73-b13b-46cf271f73e6;kind=start_turn;state=done;attempts=1
outbox=01a0cec2-3d79-7870-bbd4-f8684d87da84;kind=create_session;state=done;attempts=1
outbox=01a0cec2-3d78-74b1-b146-8833289c3b2e;kind=start_turn;state=done;attempts=1
outbox=01a0cec4-e3f7-7de1-92ac-bc06f5f02c91;kind=start_turn;state=done;attempts=1
plan=01a0b863-a0dd-7471-b5d7-caa164c4d60a;state=deleted;revision=3;grant=none
plan=01a0b8de-7cf5-7fe3-ab5d-128f81e7a193;state=paused;revision=1;grant=none
plan=01a0c996-3133-7392-b755-06503033d4f0;state=paused;revision=2;grant=01a0c99a-875f-7c81-ab5f-1f70f33b3d98
plan=01a0c99c-6e93-7f32-897d-a8e5966a2e08;state=paused;revision=1;grant=01a0c99c-fd0d-7432-827f-d3964762929e
plan=01a0c9ab-46d9-7d50-8287-fa8dbdbaadf5;state=paused;revision=1;grant=01a0c9ab-7912-7252-bb36-5337584a2bbf
plan=01a0c9fc-2ff8-72b2-a0df-8b6f86f78aa6;state=paused;revision=6;grant=none
plan=01a0ca03-f2d1-7dd0-a2ea-7122e07552b1;state=paused;revision=6;grant=none
plan=01a0cd54-d642-7663-bcae-db3e07f9ff66;state=paused;revision=1;grant=none
plan=01a0ceac-ad22-7f52-8701-aae56f029c36;state=deleted;revision=2;grant=none
plan=01a0ceb7-c99f-75c0-8a42-6ec6ff20d16d;state=paused;revision=1;grant=none
plan=01a0cebc-3fbf-7820-8a1a-c70390d0bde7;state=enabled;revision=4;grant=01a0cebc-dd14-7cb1-8b5e-dc5d13853df8
plan=01a0cebe-0a9e-71a3-8917-4da6e95b8acb;state=paused;revision=1;grant=none
reservation_count=0
terminal=01a0b8c7-b688-7591-97fc-685c732c0353;native_status=completed
terminal=01a0b8d6-30f6-7da1-a740-e3377f4f7caa;native_status=completed
terminal=01a0b8dc-e452-7b02-90da-fd7b30297cfc;native_status=completed
terminal=01a0b8dd-5c8e-7df1-b86c-21dc862ab4a7;native_status=completed
terminal=01a0c997-718a-7023-8c1c-e3e6c49ee82e;native_status=failed
terminal=01a0c99a-8791-7181-899f-ca99cd402560;native_status=completed
terminal=01a0c99c-fd46-73e3-8bca-3e4c26dac8b0;native_status=completed
terminal=01a0c9ab-79a0-79f0-9a19-b2afa3c74a41;native_status=completed
terminal=01a0c9ff-ced8-7951-9b22-9f7da009e000;native_status=completed
terminal=01a0ca0a-cb79-7fc0-b9c7-3f1a9993e1f8;native_status=completed
terminal=01a0cc02-75c9-7842-b491-7526b5d7c8e9;native_status=completed
terminal=01a0cc03-4352-7ea2-8137-2ffa9032fbdc;native_status=completed
terminal=01a0cc09-adf6-72f1-8936-05c591c6d93c;native_status=completed
terminal=01a0cd55-0967-7460-8475-6e4a857383bf;native_status=completed
terminal=01a0cd75-94a9-7932-8b02-1f3f57a636f4;native_status=completed
terminal=01a0cead-498c-7dc2-8e3e-39ed5e2237ae;native_status=completed
terminal=01a0ceb1-64a3-74b0-8698-e674231a7335;native_status=completed
terminal=01a0cebb-2363-7f93-a25f-d53f83e1c4c8;native_status=completed
terminal=01a0cec0-8b3b-77d1-8eb3-d4ebba930151;native_status=completed
terminal=01a0cec2-3e06-79e2-9d05-3f75956915d7;native_status=completed
terminal=01a0cec4-e425-7bc3-b2ab-3274e92df713;native_status=completed
automatic_consent=01a0c9fd-2f82-7462-936a-4a843db1b393;version=1
automatic_consent=01a0ca04-36b6-78c2-a9bb-fc0456fabdbb;version=1
automatic_consent=01a0cbf6-a6f7-7ac3-abc1-1c3cfc00db4e;version=1
automatic_consent=01a0cc09-4014-7291-9384-db60f7216b34;version=1
automatic_consent=01a0cebc-8849-7c42-89d4-135fb4206230;version=1
automatic_consent=01a0cebc-dd14-7cb1-8b5e-dc5d13853df8;version=1
future=01a0b863-a0dd-7471-b5d7-caa164c4d60a;next=-1;hold=none
future=01a0b8de-7cf5-7fe3-ab5d-128f81e7a193;next=1790211600;hold=none
future=01a0c996-3133-7392-b755-06503033d4f0;next=1790211600;hold=none
future=01a0c99c-6e93-7f32-897d-a8e5966a2e08;next=1790211600;hold=none
future=01a0c9ab-46d9-7d50-8287-fa8dbdbaadf5;next=1790211600;hold=none
future=01a0c9fc-2ff8-72b2-a0df-8b6f86f78aa6;next=1790181780;hold=none
future=01a0ca03-f2d1-7dd0-a2ea-7122e07552b1;next=1790182500;hold=none
future=01a0cd54-d642-7663-bcae-db3e07f9ff66;next=1790211600;hold=none
future=01a0ceac-ad22-7f52-8701-aae56f029c36;next=-1;hold=none
future=01a0ceb7-c99f-75c0-8a42-6ec6ff20d16d;next=1790557200;hold=none
future=01a0cebc-3fbf-7820-8a1a-c70390d0bde7;next=1790261520;hold=budget
future=01a0cebe-0a9e-71a3-8917-4da6e95b8acb;next=1790211600;hold=none
slot=01a0b863-a0dd-7471-b5d7-caa164c4d60a;at=1789866000;disposition=cancelled;run=none
slot=01a0b863-a0dd-7471-b5d7-caa164c4d60a;at=1789952400;disposition=cancelled;run=none
slot=01a0b8de-7cf5-7fe3-ab5d-128f81e7a193;at=1789866000;disposition=skipped_paused;run=none
slot=01a0b8de-7cf5-7fe3-ab5d-128f81e7a193;at=1790125200;disposition=skipped_paused;run=none
slot=01a0c996-3133-7392-b755-06503033d4f0;at=1790125200;disposition=skipped_paused;run=none
slot=01a0c99c-6e93-7f32-897d-a8e5966a2e08;at=1790125200;disposition=skipped_paused;run=none
slot=01a0c9ab-46d9-7d50-8287-fa8dbdbaadf5;at=1790125200;disposition=skipped_paused;run=none
slot=01a0c9fc-2ff8-72b2-a0df-8b6f86f78aa6;at=1790095380;disposition=consumed;run=01a0c9ff-ce44-7830-9a76-c7534bd41bb1
slot=01a0c9fc-2ff8-72b2-a0df-8b6f86f78aa6;at=1790181780;disposition=cancelled;run=none
slot=01a0ca03-f2d1-7dd0-a2ea-7122e07552b1;at=1790096100;disposition=consumed;run=01a0ca0a-cad7-7153-b65d-12f205b48826
slot=01a0ca03-f2d1-7dd0-a2ea-7122e07552b1;at=1790182500;disposition=cancelled;run=none
slot=01a0b8de-7cf5-7fe3-ab5d-128f81e7a193;at=1790211600;disposition=planned;run=none
slot=01a0c996-3133-7392-b755-06503033d4f0;at=1790211600;disposition=planned;run=none
slot=01a0c99c-6e93-7f32-897d-a8e5966a2e08;at=1790211600;disposition=planned;run=none
slot=01a0c9ab-46d9-7d50-8287-fa8dbdbaadf5;at=1790211600;disposition=planned;run=none
slot=01a0cd54-d642-7663-bcae-db3e07f9ff66;at=1790211600;disposition=planned;run=none
slot=01a0ceac-ad22-7f52-8701-aae56f029c36;at=1790211600;disposition=cancelled;run=none
slot=01a0ceb7-c99f-75c0-8a42-6ec6ff20d16d;at=1790557200;disposition=planned;run=none
slot=01a0cebc-3fbf-7820-8a1a-c70390d0bde7;at=1790175120;disposition=consumed;run=01a0cec0-8aa3-7f73-b13b-46b52b913f36
slot=01a0cebe-0a9e-71a3-8917-4da6e95b8acb;at=1790211600;disposition=planned;run=none
slot=01a0cebc-3fbf-7820-8a1a-c70390d0bde7;at=1790261520;disposition=planned;run=none
single=01a0cc02-758d-7c62-8c57-a97b66f9380e;version=1;kind=manual;original=none
single=01a0cc03-4315-78f2-84f0-07c0512f4864;version=1;kind=rerun;original=01a0c9ff-ce44-7830-9a76-c7534bd41bb1
single=01a0cc09-ad5e-7ff1-90a5-edfb3ebe0448;version=1;kind=rerun;original=01a0ca0a-cad7-7153-b65d-12f205b48826
single=01a0cd55-08ce-7341-b015-237f7ef2b126;version=1;kind=manual;original=none
single=01a0cd75-9470-7bc0-91a2-fa21bc22e1f9;version=1;kind=rerun;original=01a0cd55-08da-7942-b047-e2f1ed71ef53
single=01a0cead-48f4-7dc3-a64d-1187722e5d34;version=1;kind=manual;original=none
single=01a0ceb1-646a-7b73-8ebb-246f601056ac;version=1;kind=rerun;original=01a0cead-4901-7c83-bc52-c407e176906d
single=01a0cec2-3d6e-7152-97e8-ff8ddd89a43e;version=1;kind=manual;original=none
single=01a0cec4-e3ea-7591-b3e1-c1147ca2999b;version=1;kind=rerun;original=01a0cec2-3d78-74b1-b146-8829d7c37edc
clock={"run_id":"01a0c997-70e8-7f33-82f8-7d3625215a96","format_version":1,"fact":{"schema_version":1,"agent_session_id":"d3555611-2a45-4d2f-a3a4-e8637566c99e","thread_id":"01a0c997-712a-71e1-8a29-3d9b93b550c4","turn_id":"01a0c997-718a-7023-8c1c-e3e6c49ee82e","source":"runtime_read","started_at":{"state":"known","value":1790088540},"completed_at":{"state":"known","value":1790088552},"duration_ms":{"state":"known","value":11645}},"conflicts":0,"pending":0,"attempts":1,"diagnostic":null}
clock={"run_id":"01a0c99a-8768-71d3-b3a8-8a1c95170008","format_version":1,"fact":{"schema_version":1,"agent_session_id":"d3555611-2a45-4d2f-a3a4-e8637566c99e","thread_id":"01a0c997-712a-71e1-8a29-3d9b93b550c4","turn_id":"01a0c99a-8791-7181-899f-ca99cd402560","source":"runtime_read","started_at":{"state":"known","value":1790088742},"completed_at":{"state":"known","value":1790088748},"duration_ms":{"state":"known","value":5314}},"conflicts":0,"pending":0,"attempts":1,"diagnostic":null}
clock={"run_id":"01a0c99c-fd1a-7ce3-b28c-671a51de6fd6","format_version":1,"fact":{"schema_version":1,"agent_session_id":"d3555611-2a45-4d2f-a3a4-e8637566c99e","thread_id":"01a0c997-712a-71e1-8a29-3d9b93b550c4","turn_id":"01a0c99c-fd46-73e3-8bca-3e4c26dac8b0","source":"runtime_read","started_at":{"state":"known","value":1790088904},"completed_at":{"state":"known","value":1790088908},"duration_ms":{"state":"known","value":4200}},"conflicts":0,"pending":0,"attempts":1,"diagnostic":null}
clock={"run_id":"01a0c9ab-791b-7e32-83b4-643a65a27b6e","format_version":1,"fact":{"schema_version":1,"agent_session_id":"dfb39b5c-6cb4-4ed7-aa65-77e116a2354c","thread_id":"01a0c9ab-795a-7e72-b7be-6331dcd720d9","turn_id":"01a0c9ab-79a0-79f0-9a19-b2afa3c74a41","source":"runtime_read","started_at":{"state":"known","value":1790089853},"completed_at":{"state":"known","value":1790089854},"duration_ms":{"state":"known","value":1281}},"conflicts":0,"pending":0,"attempts":1,"diagnostic":null}
clock={"run_id":"01a0c9ff-ce44-7830-9a76-c7534bd41bb1","format_version":1,"fact":{"schema_version":1,"agent_session_id":"0e1d2a86-49c6-4147-85db-bc5cd83f3e77","thread_id":"01a0c9ff-ce90-71f1-bb51-dc98f3c2d9e8","turn_id":"01a0c9ff-ced8-7951-9b22-9f7da009e000","source":"runtime_read","started_at":{"state":"known","value":1790095380},"completed_at":{"state":"known","value":1790095380},"duration_ms":{"state":"known","value":26}},"conflicts":0,"pending":0,"attempts":1,"diagnostic":null}
clock={"run_id":"01a0ca0a-cad7-7153-b65d-12f205b48826","format_version":1,"fact":{"schema_version":1,"agent_session_id":"374a82c0-bffb-4b77-b52b-ef188f63ead7","thread_id":"01a0ca0a-cb2d-7f52-8531-9ac634f128e9","turn_id":"01a0ca0a-cb79-7fc0-b9c7-3f1a9993e1f8","source":"runtime_read","started_at":{"state":"known","value":1790096100},"completed_at":{"state":"known","value":1790096105},"duration_ms":{"state":"known","value":4852}},"conflicts":0,"pending":0,"attempts":1,"diagnostic":null}
clock={"run_id":"01a0cc02-759d-7083-8471-6258d4369405","format_version":1,"fact":{"schema_version":1,"agent_session_id":"0e1d2a86-49c6-4147-85db-bc5cd83f3e77","thread_id":"01a0c9ff-ce90-71f1-bb51-dc98f3c2d9e8","turn_id":"01a0cc02-75c9-7842-b491-7526b5d7c8e9","source":"runtime_read","started_at":{"state":"known","value":1790129108},"completed_at":{"state":"known","value":1790129108},"duration_ms":{"state":"known","value":30}},"conflicts":0,"pending":0,"attempts":1,"diagnostic":null}
clock={"run_id":"01a0cc03-4321-7df2-b061-3cec65589ae9","format_version":1,"fact":{"schema_version":1,"agent_session_id":"0e1d2a86-49c6-4147-85db-bc5cd83f3e77","thread_id":"01a0c9ff-ce90-71f1-bb51-dc98f3c2d9e8","turn_id":"01a0cc03-4352-7ea2-8137-2ffa9032fbdc","source":"runtime_read","started_at":{"state":"known","value":1790129161},"completed_at":{"state":"known","value":1790129161},"duration_ms":{"state":"known","value":19}},"conflicts":0,"pending":0,"attempts":1,"diagnostic":null}
clock={"run_id":"01a0cc09-ad69-7aa3-a7aa-2013c3da4587","format_version":1,"fact":{"schema_version":1,"agent_session_id":"fda0dd50-d57a-4de4-9c7f-60189431210d","thread_id":"01a0cc09-ada7-7a63-b557-f3402ea16687","turn_id":"01a0cc09-adf6-72f1-8936-05c591c6d93c","source":"runtime_read","started_at":{"state":"known","value":1790129581},"completed_at":{"state":"known","value":1790129584},"duration_ms":{"state":"known","value":2457}},"conflicts":0,"pending":0,"attempts":1,"diagnostic":null}
clock={"run_id":"01a0cd55-08da-7942-b047-e2f1ed71ef53","format_version":1,"fact":{"schema_version":1,"agent_session_id":"87701d71-d37c-41c0-98c5-e4a248e00cee","thread_id":"01a0cd55-091b-7a52-b081-7b5b1c53fd62","turn_id":"01a0cd55-0967-7460-8475-6e4a857383bf","source":"runtime_read","started_at":{"state":"known","value":1790151297},"completed_at":{"state":"known","value":1790151297},"duration_ms":{"state":"known","value":440}},"conflicts":0,"pending":0,"attempts":1,"diagnostic":null}
clock={"run_id":"01a0cd75-947d-7842-b424-1ac09d3f38d0","format_version":1,"fact":{"schema_version":1,"agent_session_id":"87701d71-d37c-41c0-98c5-e4a248e00cee","thread_id":"01a0cd55-091b-7a52-b081-7b5b1c53fd62","turn_id":"01a0cd75-94a9-7932-8b02-1f3f57a636f4","source":"runtime_read","started_at":{"state":"known","value":1790153430},"completed_at":{"state":"known","value":1790153430},"duration_ms":{"state":"known","value":440}},"conflicts":0,"pending":0,"attempts":1,"diagnostic":null}
clock={"run_id":"01a0cead-4901-7c83-bc52-c407e176906d","format_version":1,"fact":{"schema_version":1,"agent_session_id":"38bbadd1-d148-40f2-adc5-da78247c4391","thread_id":"01a0cead-4946-7641-b878-1445de13adaf","turn_id":"01a0cead-498c-7dc2-8e3e-39ed5e2237ae","source":"runtime_read","started_at":{"state":"known","value":1790173858},"completed_at":{"state":"known","value":1790173858},"duration_ms":{"state":"known","value":441}},"conflicts":0,"pending":0,"attempts":1,"diagnostic":null}
clock={"run_id":"01a0ceb1-6476-7cd2-ae67-f9658b410bce","format_version":1,"fact":{"schema_version":1,"agent_session_id":"38bbadd1-d148-40f2-adc5-da78247c4391","thread_id":"01a0cead-4946-7641-b878-1445de13adaf","turn_id":"01a0ceb1-64a3-74b0-8698-e674231a7335","source":"runtime_read","started_at":{"state":"known","value":1790174127},"completed_at":{"state":"known","value":1790174127},"duration_ms":{"state":"known","value":428}},"conflicts":0,"pending":0,"attempts":1,"diagnostic":null}
clock={"run_id":"01a0cec0-8aa3-7f73-b13b-46b52b913f36","format_version":1,"fact":{"schema_version":1,"agent_session_id":"d684c1db-f225-46bc-b983-7e23333774ca","thread_id":"01a0cec0-8af2-74a2-9d14-8b9b6f404de4","turn_id":"01a0cec0-8b3b-77d1-8eb3-d4ebba930151","source":"runtime_read","started_at":{"state":"known","value":1790175120},"completed_at":{"state":"known","value":1790175124},"duration_ms":{"state":"known","value":4147}},"conflicts":0,"pending":0,"attempts":1,"diagnostic":null}
clock={"run_id":"01a0cec2-3d78-74b1-b146-8829d7c37edc","format_version":1,"fact":{"schema_version":1,"agent_session_id":"eb367f38-bb4f-495e-a43d-ebd567152ab6","thread_id":"01a0cec2-3dbd-72a2-822a-c40057b130f4","turn_id":"01a0cec2-3e06-79e2-9d05-3f75956915d7","source":"runtime_read","started_at":{"state":"known","value":1790175231},"completed_at":{"state":"known","value":1790175232},"duration_ms":{"state":"known","value":1206}},"conflicts":0,"pending":0,"attempts":1,"diagnostic":null}
clock={"run_id":"01a0cec4-e3f7-7de1-92ac-bbf5ced96e0b","format_version":1,"fact":{"schema_version":1,"agent_session_id":"eb367f38-bb4f-495e-a43d-ebd567152ab6","thread_id":"01a0cec2-3dbd-72a2-822a-c40057b130f4","turn_id":"01a0cec4-e425-7bc3-b2ab-3274e92df713","source":"runtime_read","started_at":{"state":"known","value":1790175405},"completed_at":{"state":"known","value":1790175474},"duration_ms":{"state":"known","value":69895}},"conflicts":0,"pending":0,"attempts":1,"diagnostic":null}
