    Checking objc2-exception-helper v0.1.1
    Checking ring v0.17.14
    Checking libsqlite3-sys v0.38.1
    Checking objc2 v0.6.4
    Checking rusqlite v0.40.1
    Checking rusqlite_migration v2.6.0
    Checking block2 v0.6.2
    Checking objc2-core-foundation v0.3.2
    Checking rustls-webpki v0.103.13
    Checking dispatch2 v0.3.1
    Checking rustls v0.23.43
    Checking objc2-foundation v0.3.2
    Checking tokio-rustls v0.26.4
    Checking hyper-rustls v0.27.9
    Checking reqwest v0.12.28
    Checking oauth2 v5.0.0
    Checking objc2-app-kit v0.3.2
    Checking openidconnect v4.0.1
    Checking objc2-web-kit v0.3.2
    Checking tao v0.35.3
    Checking window-vibrancy v0.6.0
    Checking muda v0.19.3
    Checking webbrowser v1.2.2
    Checking rfd v0.16.0
    Checking tauri-runtime v2.11.3
    Checking wry v0.55.1
    Checking tauri-runtime-wry v2.11.4
    Checking tauri v2.11.5
    Checking yijie-desktop v0.1.0 (/Users/jack/Downloads/Personal_Info/CrossBSD/yijie-desktop/src-tauri)
    Finished `dev` profile [unoptimized + debuginfo] target(s) in 9.37s
