$ vue-tsc --noEmit && vite build
vite v8.1.3 building client environment for production...
[2K
transforming...✓ 5351 modules transformed.
rendering chunks...
computing gzip size...
dist/index.html                                      0.40 kB │ gzip:   0.27 kB
dist/assets/YjIcon-BmPrxpO0.css                      0.51 kB │ gzip:   0.19 kB
dist/assets/main-DnTN7IYv.css                        0.71 kB │ gzip:   0.37 kB
dist/assets/AccessDeniedPage-C549waJM.css            1.05 kB │ gzip:   0.39 kB
dist/assets/YjEmpty-gVjCw_m1.css                     1.16 kB │ gzip:   0.40 kB
dist/assets/component-colors-BhkuEDh2.css            2.02 kB │ gzip:   0.60 kB
dist/assets/YjSection-kVl7766Z.css                   2.10 kB │ gzip:   0.54 kB
dist/assets/YjChartCard-Db5TVbkt.css                 3.89 kB │ gzip:   0.92 kB
dist/assets/SettingsPage-BwyXATV_.css                4.89 kB │ gzip:   0.93 kB
dist/assets/SkillMarketplacePage-BPOEMhbQ.css        5.59 kB │ gzip:   1.14 kB
dist/assets/StorePage-DJGZPpj-.css                   8.36 kB │ gzip:   1.28 kB
dist/assets/WorkflowPage-CuHWcts5.css               10.53 kB │ gzip:   1.47 kB
dist/assets/App-Qrluh9np.css                        17.61 kB │ gzip:   3.47 kB
dist/assets/ChatPage-_4XzC_R3.css                   81.61 kB │ gzip:   9.35 kB
dist/assets/_plugin-vue_export-helper-BDNMzG2s.js    0.08 kB │ gzip:   0.09 kB
dist/assets/AccessDeniedPage-CAsBH0aM.js             0.80 kB │ gzip:   0.58 kB
dist/assets/YjEmpty-CQvJ96zr.js                      0.84 kB │ gzip:   0.50 kB
dist/assets/light-BLsg7FUg.js                        1.73 kB │ gzip:   0.62 kB
dist/assets/YjSection-BX5v-1cY.js                    1.92 kB │ gzip:   0.79 kB
dist/assets/_common-CtF1G1-e.js                      2.28 kB │ gzip:   0.89 kB
dist/assets/router-DspLLIxJ.js                       4.53 kB │ gzip:   1.77 kB
dist/assets/index-DG7qdBVG.js                        4.54 kB │ gzip:   2.11 kB
dist/assets/pinia-BV-i2v2L.js                        7.48 kB │ gzip:   3.30 kB
dist/assets/WorkflowPage-HTnMVSba.js                 8.84 kB │ gzip:   2.94 kB
dist/assets/Tag-CB09036t.js                          9.70 kB │ gzip:   2.97 kB
dist/assets/SettingsPage-B5LETpwo.js                11.74 kB │ gzip:   4.53 kB
dist/assets/StorePage-DBwWU6P_.js                   25.22 kB │ gzip:   8.20 kB
dist/assets/YjIcon-Dukism_q.js                      25.73 kB │ gzip:   9.03 kB
dist/assets/permission.store-Dt3ckbzG.js            33.30 kB │ gzip:  12.61 kB
dist/assets/SkillMarketplacePage-CB7V295U.js        46.31 kB │ gzip:  15.23 kB
dist/assets/Card-DzwFncup.js                        74.84 kB │ gzip:  24.48 kB
dist/assets/event-CvV0A3EB.js                       94.78 kB │ gzip:  28.16 kB
dist/assets/vue.runtime.esm-bundler-e5W2HnNR.js    110.49 kB │ gzip:  42.37 kB
dist/assets/ChatPage-yu02pBJ5.js                   184.89 kB │ gzip:  48.90 kB
dist/assets/chat.store-Dl7rz26O.js                 185.13 kB │ gzip:  43.46 kB
dist/assets/App-D_ZiMvoy.js                        196.64 kB │ gzip:  52.38 kB
dist/assets/YjChartCard-IqyVShnm.js                543.37 kB │ gzip: 185.56 kB

✓ built in 415ms
[plugin builtin:vite-reporter]
(!) Some chunks are larger than 500 kB after minification. Consider:
- Using dynamic import() to code-split the application
- Use build.rolldownOptions.output.codeSplitting to improve chunking: https://rolldown.rs/reference/OutputOptions.codeSplitting
- Adjust chunk size limit for this warning via build.chunkSizeWarningLimit.
