   Compiling proc-macro2 v1.0.107
   Compiling quote v1.0.47
   Compiling unicode-ident v1.0.26
   Compiling serde_core v1.0.228
   Compiling zmij v1.0.21
   Compiling serde v1.0.228
   Compiling serde_json v1.0.150
   Compiling itoa v1.0.18
   Compiling memchr v2.8.3
   Compiling syn v2.0.118
   Compiling serde_derive v1.0.228
   Compiling yijie-market-connectors-contract-conformance v0.1.0 (/Users/jack/Downloads/Personal_Info/CrossBSD/yijie-contracts/tests/rust-market-connectors)
    Finished `test` profile [unoptimized + debuginfo] target(s) in 5.51s
     Running unittests src/lib.rs (tests/rust-market-connectors/target/debug/deps/yijie_market_connectors_contract_conformance-2c7ea1c64accf1f2)

running 6 tests
test tests::unknown_response_fields_are_dropped_but_enums_not_permitted ... ok
test tests::selection_references_require_non_nil_uuids_and_bounds ... ok
test tests::worker_status_cannot_claim_an_unqualified_policy_is_active ... ok
test tests::closed_request_and_non_null_optional ... ok
test tests::local_authorization_capability_defaults_false_without_qualifying_tools ... ok
test tests::required_context_and_positive_revision ... ok

test result: ok. 6 passed; 0 failed; 0 ignored; 0 measured; 0 filtered out; finished in 0.00s

   Doc-tests yijie_market_connectors_contract_conformance

running 0 tests

test result: ok. 0 passed; 0 failed; 0 ignored; 0 measured; 0 filtered out; finished in 0.00s

