✔ private control source declares eight owner-only actions and bounded resources (2.506625ms)
✔ all generated definitions compile and normal typed requests/responses validate (44.507792ms)
✔ control requests require exact identity, closed payload and bounded lifetime (0.893708ms)
✔ new thread intent is explicit null and actual binding identities are mandatory (0.485625ms)
✔ external network assembly is explicit and response extras are not authority (0.265458ms)
✔ query/decision have exact frozen identity and elicitation only carries a locator (0.204625ms)
✔ control wire contains neither raw arguments nor credentials and source remains synchronized (902.468417ms)
✔ Host source compiles complete referenced v2 content and normal private frames (49.204375ms)
✔ private submission freezes all inputs while HTTP cannot replace intent (0.412042ms)
✔ optional bounded history index preserves old observations and request authority (0.726875ms)
✔ Native UI exports exactly observe and decision, never private grants or provider control (0.635083ms)
✔ provider management validates exact non-secret installation and operation identity (10.115916ms)
✔ new family generated output and original source families stay synchronized (1252.612334ms)
✔ daily profile admits one instrument and one Gregorian day without expanding upstream tools (0.827292ms)
✔ normalized daily output requires close for a nonempty row and preserves successful empty data (7.059791ms)
✔ source adds exactly one ordinary chat IPC and reuses external authorities (1.096917ms)
✔ private manifest is validated independently and cannot introduce undeclared transport or command (2.400167ms)
✔ structural Native request distinguishes target, null and content references (1.064666ms)
✔ required model and selection identity are bounded by original sources (0.876333ms)
✔ cross-language vectors encode exact operation identity and sorted refs (0.720833ms)
✔ receipt states local durability and preserves first-turn identity distinction (0.602334ms)
✔ source generation remains synchronized with the additive page-reopen request (428.989ms)
ℹ tests 22
ℹ suites 0
ℹ pass 22
ℹ fail 0
ℹ cancelled 0
ℹ skipped 0
ℹ todo 0
ℹ duration_ms 1609.658
